================================================================
== Design Size Report
================================================================

* Instructions per Function for each Compilation Phase
+---------------------------------------+---------------------------+--------------+---------------+----------------------+---------------+
| Function                              | Location                  | Compile/Link | Unroll/Inline | Performance/Pipeline | Optimizations |
+---------------------------------------+---------------------------+--------------+---------------+----------------------+---------------+
| + hls_snn_izikevich                   | snn_izhikevich_top.cpp:64 | 2,425        | 692           | 572                  | 628           |
|  + hls_snn_initialize                 | snn_izhikevich_top.cpp:28 |   267        |  83           |                      |               |
|     axis_cp_network_to_mem            | snn_izhikevich_axi.h:7    |   235        |  60           |                      |               |
|  + hls_snn_process_step               | snn_izhikevich_top.cpp:48 | 1,715        | 492           |                      |               |
|     axis_cp_inputs_to_mem             | snn_izhikevich_axi.h:35   |   118        |  33           |                      |               |
|   + snn_process_step                  | snn_izhikevich.h:220      | 1,594        | 455           |                      |               |
|      snn_update_neuron_synapses       | snn_izhikevich.h:15       |    88        |  53           |                      |               |
|    + snn_get_synaptic_conductance...  | snn_izhikevich.h:128      | 1,503        | 399           |                      |               |
|       get_weight_line                 | snn_izhikevich.h:98       | 1,131        |               |                      |               |
|       uint32_to_float32               | snn_types.h:77            |    10        |               |                      |               |
|       snn_update_izikevich_equatio... | snn_izhikevich.h:45       |    91        |               |                      |               |
|  + axis_cp_output_to_stream           | snn_izhikevich_axi.h:61   |   372        |  99           |                      |               |
|     float32_to_uint64                 | snn_types.h:83            |    14        |               |                      |               |
|    snn_get_synaptic_conductance...    | snn_izhikevich.h:128      |              |               | 371                  | 388           |
+---------------------------------------+---------------------------+--------------+---------------+----------------------+---------------+

* Description of Compilation Phases
+----------------------+------------------------------------------------------------+
| Compilation Phase    | Description                                                |
+----------------------+------------------------------------------------------------+
| Compile/Link         | All functions are compiled and linked into a single design |
| Unroll/Inline        | After user unroll and inline pragmas are applied           |
| Performance/Pipeline | After performance and pipeline pragmas are applied         |
| Optimizations        | After high level synthesis optimizations                   |
+----------------------+------------------------------------------------------------+

* Design Size Message Settings
+---------------------------------------------+--------+------------------------------------------------------------------+
| Message Setting                             | Value  | Description                                                      |
+---------------------------------------------+--------+------------------------------------------------------------------+
| config_compile -design_size_maximum_warning | 100000 | Show a warning when total design instructions exceeds this value |
+---------------------------------------------+--------+------------------------------------------------------------------+


